
> build
> vite build

[36mvite v7.3.2 [32mbuilding client environment for production...[36m[39m
transforming...
[32mΓ£ô[39m 183 modules transformed.
node.exe : [31mΓ£ù[39m 
Build failed in 4.19s
At line:1 char:1
+ & "C:\Program 
Files\nodejs/node.exe" 
"C:\Program 
Files\nodejs/node_mo ...
+ ~~~~~~~~~~~~~~~~~~~~~~~~~~~
~~~~~~~~~~~~~~~~~~~~~~~~~~~~~
~~~~~~~~~~~~~
    + CategoryInfo           
   : NotSpecified: ([31mΓ£  
  ù[39m Build failed in 4   
 .19s:String) [], RemoteE    
xception
    + FullyQualifiedErrorId  
   : NativeCommandError
 
[31merror during build:
[31m[vite]: Rollup failed 
to resolve import 
"react-router-dom" from 
"D:/agent mgt/distant-degrees
-hub/src/hooks/useAuth.tsx".
This is most likely 
unintended because it can 
break your application at 
runtime.
If you do want to 
externalize this module 
explicitly add it to
`build.rollupOptions.external
`[31m
    at viteLog (file:///D:/ag
ent%20mgt/distant-degrees-hub
/node_modules/vite/dist/node/
chunks/config.js:33639:57)
    at file:///D:/agent%20mgt
/distant-degrees-hub/node_mod
ules/vite/dist/node/chunks/co
nfig.js:33673:73
    at onwarn (file:///D:/age
nt%20mgt/distant-degrees-hub/
node_modules/@vitejs/plugin-r
eact/dist/index.js:76:7)
    at file:///D:/agent%20mgt
/distant-degrees-hub/node_mod
ules/vite/dist/node/chunks/co
nfig.js:33673:28
    at onRollupLog (file:///D
:/agent%20mgt/distant-degrees
-hub/node_modules/vite/dist/n
ode/chunks/config.js:33668:63
)
    at onLog (file:///D:/agen
t%20mgt/distant-degrees-hub/n
ode_modules/vite/dist/node/ch
unks/config.js:33471:4)
    at file:///D:/agent%20mgt
/distant-degrees-hub/node_mod
ules/rollup/dist/es/shared/no
de-entry.js:21369:32
    at Object.logger [as 
onLog] (file:///D:/agent%20mg
t/distant-degrees-hub/node_mo
dules/rollup/dist/es/shared/n
ode-entry.js:23364:9)
    at ModuleLoader.handleInv
alidResolvedId (file:///D:/ag
ent%20mgt/distant-degrees-hub
/node_modules/rollup/dist/es/
shared/node-entry.js:22108:26
)
    at file:///D:/agent%20mgt
/distant-degrees-hub/node_mod
ules/rollup/dist/es/shared/no
de-entry.js:22066:26[39m
